data/runs/89913a17-a421-4d79-be50-5746553737be/panel.csv
t,firm_id,price,cost,quantity,profit
0,0,3.0,1.0,2500.0,5000.0
1,0,3.030471707975443,1.030471707975443,2428.9215462691827,4857.843092538365
2,0,3.1245281796145647,1.1245281796145645,2190.1730331378576,4380.346066275715
3,0,3.1373122199312933,1.137312219931293,2160.1589860096788,4320.3179720193575
4,0,3.0520078271739353,1.052007827173935,2307.7152404616304,4615.430480923261
5,0,3.0586108969300567,1.0586108969300567,2384.736021192273,4769.472042384546
6,0,2.972681650641733,0.9726816506417328,2458.5657968653877,4917.131593730775
7,0,3.06052668077246,1.06052668077246,2369.5287310650733,4739.057462130147
8,0,2.9924337263320657,0.992433726332066,2475.4682106704236,4950.936421340846
9,0,2.949600944115755,0.9496009441157552,2525.2301266136255,5050.460253227251
10,0,2.986145350552163,0.9861453505521631,2528.750070671467,5057.500141342933
11,0,3.2003101106392093,1.2003101106392093,2303.728813005014,4607.457626010028
12,0,3.1189328378144214,1.1189328378144217,2450.607151410968,4901.214302821935
13,0,3.107538092048934,1.1075380920489342,2384.521259240136,4769.042518480272
14,0,3.1725973708314044,1.1725973708314044,2386.952377162836,4773.904754325672
15,0,3.106046400102535,1.106046400102535,2465.9157259417907,4931.831451883581
16,0,3.1279152597754365,1.1279152597754363,2490.967169070865,4981.93433814173
17,0,3.195806616082626,1.1958066160826257,2447.946719626825,4895.89343925365
18,0,3.2589354386664797,1.2589354386664797,2301.3118723952784,4602.623744790557
19,0,3.2118981732372003,1.2118981732372003,2296.759250627952,4593.518501255904
20,0,3.36139230436064,1.36139230436064,2142.07193880812,4284.14387761624
21,0,3.1931053271990595,1.1931053271990595,2270.6765318042676,4541.353063608535
22,0,3.251727560334987,1.2517275603349873,2283.7961642394034,4567.592328478806
23,0,3.2168550531101436,1.2168550531101436,2307.307360139666,4614.614720279332
24,0,3.1977246206219823,1.197724620621982,2215.9159631497273,4431.831926299455
25,0,3.105779392021821,1.1057793920218209,2331.5706544743093,4663.141308948619
26,0,3.1748279274285975,1.1748279274285978,2247.3924361560335,4494.784872312066
27,0,3.2373869668253317,1.2373869668253314,2184.8059727952514,4369.611945590503
28,0,3.1711943727186664,1.1711943727186662,2209.9956554364903,4419.991310872981
29,0,3.051610408159762,1.0516104081597621,2334.6907245486664,4669.381449097333
30,0,3.052859820032531,1.052859820032531,2375.9860250943157,4751.972050188631
31,0,3.1193983309298097,1.1193983309298097,2299.4034590462215,4598.806918092443
32,0,3.11142650983917,1.1114265098391698,2165.9029045149027,4331.8058090298055
33,0,2.9791565486037297,0.9791565486037296,2226.503676339543,4453.007352679086
34,0,2.8886086430677236,0.8886086430677235,2310.7348637511905,4621.469727502381
35,0,2.852982245961581,0.8529822459615809,2370.0876698906427,4740.175339781285
36,0,2.832438490174818,0.8324384901748179,2317.7176053868234,4635.435210773647
37,0,2.9164693039205574,0.9164693039205574,2142.1945971212317,4284.389194242463
38,0,2.940242864153785,0.9402428641537851,2055.9826300038026,4111.965260007605
39,0,2.947455814925172,0.9474558149251721,2022.2734374880843,4044.5468749761685
40,0,2.949641029477516,0.9496410294775164,2114.1764149699475,4228.352829939894
41,0,2.84729128021533,0.8472912802153298,2217.0854239224236,4434.170847844847
42,0,2.9832100377393735,0.9832100377393735,2161.6439539057524,4323.287907811505
43,0,3.1295403268613295,1.1295403268613298,1956.6157730664777,3913.231546132955
44,0,3.0368827327207772,1.0368827327207772,1978.6119274572045,3957.223854914409
45,0,3.100397827402218,1.1003978274022177,1885.2617817608832,3770.5235635217664
46,0,2.9988399192814637,0.9988399192814635,2000.613995178031,4001.227990356062
47,0,3.198513008450642,1.1985130084506421,2016.7635629763136,4033.527125952627
48,0,3.099559196447456,1.0995591964474558,1980.46835652065,3960.9367130413
49,0,3.018265086916423,1.0182650869164231,2007.874573291058,4015.7491465821154
50,0,3.0041859982747847,1.0041859982747847,2085.2720085569345,4170.544017113869
51,0,2.988322514570916,0.9883225145709159,1999.0036606149197,3998.0073212298394
52,0,2.9396917236635827,0.9396917236635828,2075.927806439376,4151.855612878752
53,0,2.9527191758108713,0.9527191758108714,2111.9622896912697,4223.924579382539
54,0,2.834224799169169,0.8342247991691689,2136.123308035324,4272.246616070648
55,0,3.0470717724126857,1.0470717724126855,1934.5799015260516,3869.159803052103
56,0,2.9567790546039827,0.9567790546039828,2069.4817093060847,4138.963418612169
57,0,2.9411152648381735,0.9411152648381738,2064.9683466323977,4129.9366932647945
58,0,2.9857224849863817,0.9857224849863818,1974.6393858602562,3949.2787717205124
59,0,2.8579287275544196,0.8579287275544198,2125.1157259133283,4250.231451826656
60,0,2.873927888911764,0.8739278889117637,2111.0765366896194,4222.153073379239
61,0,3.004528063082446,1.004528063082446,2008.1096082421063,4016.2192164842127
62,0,3.115156934088435,1.1151569340884349,1978.0583359424006,3956.1166718848012
63,0,3.1334803778106255,1.1334803778106255,1865.828475204352,3731.656950408704
64,0,3.2985731710337505,1.2985731710337505,1831.5542223538648,3663.1084447077296
65,0,3.2602544389201515,1.2602544389201518,1913.2299430476219,3826.4598860952433
66,0,3.1707817370245692,1.1707817370245692,2008.3056252986726,4016.611250597345
67,0,3.170269550352562,1.1702695503525622,2008.5611097072958,4017.122219414591
68,0,3.311017736483934,1.311017736483934,1918.4953707614038,3836.9907415228076
69,0,3.1060005263808317,1.1060005263808317,2057.732469990391,4115.464939980782
70,0,2.984119220338469,0.9841192203384689,2100.0818970877244,4200.163794175449
71,0,3.0757094745740705,1.0757094745740703,1952.8618610239625,3905.723722047925
72,0,3.0272925312407124,1.0272925312407124,1996.3479750515376,3992.695950103075
73,0,3.0811040749411047,1.081104074941105,2025.1072364556726,4050.2144729113447
74,0,3.0115098137740346,1.0115098137740346,2075.0175929648967,4150.035185929793
75,0,3.029167149619406,1.0291671496194057,2000.609577900072,4001.219155800144
76,0,3.0519899826332963,1.0519899826332961,2174.254513794476,4348.509027588952
77,0,2.9666656475774142,0.9666656475774141,2192.5121311254857,4385.024262250971
78,0,2.9075949461810655,0.9075949461810655,2294.6509554423424,4589.301910884685
79,0,2.834686562406705,0.8346865624067047,2261.331073903424,4522.662147806848
80,0,2.818419970352214,0.8184199703522139,2197.6622299699443,4395.324459939889
81,0,2.730733892535455,0.7307338925354551,2219.90247322923,4439.80494645846
82,0,2.584029367996356,0.584029367996356,2357.975411186075,4715.95082237215
83,0,2.474350810150892,0.474350810150892,2648.2600266331337,5296.5200532662675
84,0,2.3571941472683577,0.3571941472683578,2720.8866905740265,5441.773381148053
85,0,2.530063911708917,0.530063911708917,2575.1434189284996,5150.286837856999
86,0,2.6077976693150915,0.6077976693150914,2528.117836107957,5056.235672215914
87,0,2.5944153728634873,0.5944153728634872,2475.451082212224,4950.902164424448
88,0,2.5677766238625916,0.5677766238625918,2481.133530816841,4962.267061633682
89,0,2.614930476117106,0.6149304761171057,2477.467376348153,4954.934752696306
90,0,2.650106116957026,0.650106116957026,2446.4011688385235,4892.802337677047
91,0,2.5779503136027415,0.5779503136027413,2516.8086544647454,5033.617308929491
92,0,2.787267144495801,0.7872671444958008,2392.4616187174643,4784.9232374349285
93,0,2.710961423526324,0.7109614235263241,2506.5251841267,5013.0503682534
94,0,2.737236346041038,0.7372363460410379,2385.4744310161504,4770.948862032301
95,0,2.829980194196856,0.829980194196856,2245.0344027141405,4490.068805428281
96,0,2.7828277134518613,0.7828277134518611,2296.280657650824,4592.561315301648
97,0,2.7536105948715055,0.7536105948715056,2303.5506581493178,4607.1013162986355
98,0,2.7688668460817523,0.7688668460817525,2159.4872721473384,4318.974544294676
99,0,2.7451818196307842,0.745181819630784,2202.4431473919003,4404.886294783801
0,1,3.0,1.0,2500.0,5000.0
1,1,2.8960015893759503,0.8960015893759504,2597.845402224001,5195.690804448002
2,1,2.7008980705105667,0.7008980705105667,2706.8770919759004,5413.754183951801
3,1,2.6692738112762084,0.6692738112762086,2729.725427002104,5459.450854004208
4,1,2.757213608762491,0.7572136087624914,2674.2128380411186,5348.425676082236
5,1,2.869937729459295,0.8699377294592947,2620.6569195870234,5241.313839174047
6,1,2.906812807867545,0.9068128078675446,2540.885371908482,5081.770743816964
7,1,2.901820216768919,0.9018202167689193,2565.2201918756973,5130.440383751394
8,1,3.0240743506363224,1.0240743506363224,2436.6136865845756,4873.227373169151
9,1,2.9888609955874994,0.9888609955874994,2476.143159696786,4952.286319393572
10,1,3.030134256747098,1.0301342567470981,2473.738785069295,4947.47757013859
11,1,2.9894927551086363,0.9894927551086365,2559.8219645683994,5119.643929136798
12,1,3.0510906973661864,1.0510906973661862,2535.1603284539615,5070.320656907923
13,1,2.9670750496699334,0.9670750496699334,2558.0107240432044,5116.021448086409
14,1,3.041400466790278,1.0414004667902776,2548.7826378586083,5097.5652757172165
15,1,3.06461659909695,1.0646165990969496,2517.529668044658,5035.059336089316
16,1,3.1517594768917685,1.1517594768917685,2461.4459155313443,4922.891831062689
17,1,3.1585173838406577,1.1585173838406577,2494.015882885161,4988.031765770322
18,1,3.0128018018550913,1.012801801855091,2602.691646129637,5205.383292259274
19,1,2.9489140170307566,0.9489140170307568,2619.520238602071,5239.040477204141
20,1,2.8623309054614325,0.8623309054614325,2749.1843172982913,5498.3686345965825
21,1,2.828842402462855,0.828842402462855,2724.2939158518216,5448.587831703643
22,1,2.8999650604421405,0.8999650604421405,2722.96209334522,5445.92418669044
23,1,2.853729881175684,0.8537298811756838,2766.6682146525804,5533.336429305161
24,1,2.7261612488418914,0.7261612488418916,2805.123401157818,5610.246802315635
25,1,2.775877323247268,0.775877323247268,2749.7037414514634,5499.407482902927
26,1,2.7331520586136144,0.7331520586136145,2802.770973741612,5605.541947483224
27,1,2.7022174046415905,0.7022174046415907,2855.114096509157,5710.228193018314
28,1,2.6659120199850834,0.6659120199850834,2845.195339997139,5690.390679994278
29,1,2.714609268063642,0.7146092680636416,2763.1739485977214,5526.347897195443
30,1,2.762683933954232,0.7626839339542324,2746.9754301584417,5493.950860316882
31,1,2.75283538550329,0.75283538550329,2761.9341033000464,5523.868206600093
32,1,2.584101942107487,0.584101942107487,2819.330948076629,5638.661896153258
33,1,2.484377259347339,0.48437725934733883,2851.434330615033,5702.868661230066
34,1,2.4465610039434,0.44656100394339987,2882.30239174145,5764.6047834829
35,1,2.5203125607901087,0.5203125607901086,2798.9988189071414,5597.997637814283
36,1,2.4253103552990503,0.4253103552990504,2840.9740766260743,5681.948153252148
37,1,2.2525783129798156,0.25257831297981553,2985.527092621263,5971.054185242526
38,1,2.193163317410136,0.1931633174101361,2987.072086897604,5974.144173795208
39,1,2.140214046503756,0.14021404650375585,3027.821024120848,6055.642048241696
40,1,2.3003919356358473,0.30039193563584743,2924.986547935996,5849.973095871992
41,1,2.318319499131479,0.31831949913147906,2888.332516651439,5776.665033302878
42,1,2.4018306237229368,0.40183062372293693,2890.873567653103,5781.747135306205
43,1,2.2829543182906518,0.2829543182906518,2987.7163670763725,5975.432734152745
44,1,2.243973337975075,0.24397333797507503,2941.295849835635,5882.59169967127
45,1,2.2217510682651977,0.2217510682651977,2925.279603606249,5850.559207212498
46,1,2.253102453010217,0.2531024530102172,2904.6789393255744,5809.357878651148
47,1,2.54448869961095,0.5444886996109501,2796.8846825630626,5593.769365126124
48,1,2.3312840715378194,0.33128407153781925,2908.0155962717345,5816.031192543469
49,1,2.289748345519851,0.28974834551985074,2890.2271772398867,5780.454354479773
50,1,2.396346368598615,0.3963463685986151,2825.87802415529,5651.75604831058
51,1,2.292780993316034,0.2927809933160339,2830.404536975527,5660.809073951054
52,1,2.287402738234202,0.28740273823420187,2876.437882003791,5752.875764007582
53,1,2.3856766893365076,0.3856766893365076,2804.2573755202843,5608.514751040569
54,1,2.2891650131132706,0.2891650131132704,2805.3338203767935,5610.667640753587
55,1,2.207026345190832,0.2070263451908318,2944.4231141166306,5888.846228233261
56,1,2.3001836464782563,0.30018364647825624,2873.687068197435,5747.37413639487
57,1,2.296107393864713,0.29610739386471285,2850.854669259139,5701.709338518278
58,1,2.2506090458306347,0.25060904583063487,2851.777579110348,5703.555158220695
59,1,2.267867837602847,0.2678678376028468,2854.385847118066,5708.771694236132
60,1,2.2560040049918584,0.25600400499185855,2875.308481189946,5750.616962379891
61,1,2.277942255128244,0.27794225512824416,2887.776099337124,5775.552198674248
62,1,2.3208178989744055,0.3208178989744055,2942.575571896794,5885.151143793588
63,1,2.1983709958023554,0.19837099580235545,2978.0236270398054,5956.047254079611
64,1,2.3707375678806852,0.3707375678806852,2912.7064771173496,5825.412954234699
65,1,2.5168819971049055,0.5168819971049055,2774.5237320437222,5549.0474640874445
66,1,2.58121467657381,0.5812146765738099,2696.824377481362,5393.648754962724
67,1,2.5648703867213585,0.5648703867213586,2718.603098651239,5437.206197302478
68,1,2.573928877411533,0.5739288774115331,2773.4322907556293,5546.864581511259
69,1,2.5690570372185215,0.5690570372185213,2691.4400323751697,5382.880064750339
70,1,2.4812418005256465,0.48124180052564625,2700.440890584572,5400.881781169144
71,1,2.34860252875169,0.34860252875168984,2809.058547191125,5618.11709438225
72,1,2.3158352193154936,0.31583521931549374,2849.2282121578965,5698.456424315793
73,1,2.4495750300597683,0.4495750300597681,2777.0443477855156,5554.088695571031
74,1,2.4271891483717183,0.4271891483717182,2779.1078665462064,5558.215733092413
75,1,2.3187503411483816,0.3187503411483815,2853.825364094779,5707.650728189558
76,1,2.5704977449017736,0.5704977449017736,2766.082259663524,5532.164519327048
77,1,2.541759408746856,0.541759408746856,2711.497587784726,5422.995175569451
78,1,2.57331990910589,0.57331990910589,2712.0864905124513,5424.172981024902
79,1,2.5079052650991103,0.5079052650991104,2662.709622299584,5325.419244599168
80,1,2.4016638239131542,0.4016638239131541,2706.8138601591645,5413.627720318329
81,1,2.3922375684878983,0.39223756848789837,2629.2836323904435,5258.567264780887
82,1,2.6051622796907283,0.6051622796907282,2333.191139666924,4666.382279333848
83,1,2.7888536325228594,0.7888536325228597,2262.909601258825,4525.8192025176495
84,1,2.7520287368440566,0.7520287368440566,2233.434469554778,4466.868939109556
85,1,2.653343029001233,0.6533430290012329,2421.205775911217,4842.411551822434
86,1,2.696819636447895,0.6968196364478947,2418.0564653691376,4836.112930738275
87,1,2.5593300556108964,0.5593300556108964,2519.260216338645,5038.52043267729
88,1,2.582547044573522,0.582547044573522,2462.877333676215,4925.75466735243
89,1,2.683818626355505,0.6838186263555048,2393.5862015236303,4787.172403047261
90,1,2.6891341611132917,0.6891341611132916,2399.1248185050003,4798.249637010001
91,1,2.7207835872806223,0.7207835872806224,2343.334828381747,4686.669656763494
92,1,2.8781190775281464,0.8781190775281467,2286.2132251502326,4572.426450300464
93,1,2.766877930329805,0.7668779303298049,2437.417681912004,4874.835363824008
94,1,2.814892270668966,0.814892270668966,2294.62645395072,4589.25290790144
95,1,2.860334304490402,0.8603343044904023,2211.218652628974,4422.437305257948
96,1,2.8867060249260543,0.8867060249260542,2180.0581546771778,4360.1163093543555
97,1,2.8763571981194582,0.8763571981194581,2166.425112206692,4332.850224413384
98,1,3.0235063954187735,1.0235063954187738,1901.325063312133,3802.6501266242653
99,1,3.0411576375560188,1.0411576375560185,1899.4784657279558,3798.9569314559117
