data/runs/89913a17-a421-4d79-be50-5746553737be/panel.csv
t,firm_id,price,cost,quantity,profit
0,2,3.0,1.0,2500.0,5000.0
1,2,3.0750451195806456,1.0750451195806456,2375.3876492828153,4750.775298565631
2,2,2.944827168894414,0.9448271688944139,2396.0727829103416,4792.145565820683
3,2,2.943147053143985,0.943147053143985,2380.390159986114,4760.780319972228
4,2,3.02092624668688,1.0209262466868798,2343.859083456133,4687.718166912266
5,2,3.067677180912084,1.0676771809120844,2373.95013963368,4747.900279267359
6,2,2.9717889208291846,0.9717889208291846,2459.663459317649,4919.326918635298
7,2,2.9533026844746586,0.9533026844746585,2500.0308851835325,5000.061770367065
8,2,2.9378497362677782,0.9378497362677782,2543.9590513725,5087.918102745
9,2,2.9910806548231132,0.9910806548231131,2473.3965870759635,4946.793174151927
10,2,3.0341627551239014,1.0341627551239014,2468.761073587771,4937.522147175542
11,2,2.9829384822167477,0.9829384822167477,2568.224611213293,5136.449222426586
12,2,3.095835711488837,1.0958357114888368,2479.0721916811094,4958.144383362219
13,2,3.013387589919713,1.013387589919713,2499.457292673455,4998.91458534691
14,2,3.067703016750232,1.0677030167502324,2515.482347119947,5030.964694239893
15,2,3.0793715976643052,1.0793715976643052,2499.024937968894,4998.049875937788
16,2,3.1017311525417735,1.1017311525417735,2523.793457698895,5047.58691539779
17,2,3.1306430924107715,1.1306430924107718,2529.018698744007,5058.037397488013
18,2,3.0986759707750418,1.0986759707750415,2493.3048353454483,4986.609670690897
19,2,3.071161745652373,1.0711617456523732,2464.2002721679073,4928.400544335815
20,2,3.167989581111521,1.1679895811115213,2359.5594265952977,4719.118853190595
21,2,3.184264887622022,1.1842648876220219,2280.7356364920906,4561.471272984181
22,2,3.2635996111420145,1.2635996111420145,2270.2796490701558,4540.5592981403115
23,2,3.34939719926773,1.3493971992677298,2159.356210555173,4318.712421110346
24,2,3.2360684778673816,1.2360684778673818,2173.837234534637,4347.674469069273
25,2,3.2503110514744384,1.2503110514744384,2169.0218626227625,4338.043725245525
26,2,3.26616502058211,1.2661650205821098,2147.0656163607428,4294.1312327214855
27,2,3.3118425443378507,1.311842544337851,2104.9658341864356,4209.93166837287
28,2,3.273668754938018,1.2736687549380181,2099.6136645692313,4199.227329138463
29,2,3.226728520917746,1.2267285209177456,2138.9613782558913,4277.922756511783
30,2,3.27138163852074,1.2713816385207402,2130.063114588802,4260.126229177604
31,2,3.229051807316325,1.2290518073163248,2176.7283343536847,4353.456668707369
32,2,3.084340560074016,1.0843405600740161,2195.4351993318405,4390.870398663681
33,2,3.12431798274636,1.1243179827463599,2070.627662430391,4141.255324860782
34,2,3.2542408125249667,1.2542408125249664,1924.6603527659106,3849.320705531821
35,2,3.1608790445239787,1.1608790445239787,2031.9146922950758,4063.8293845901517
36,2,3.1269757369339226,1.1269757369339224,2000.3342413610278,4000.6684827220556
37,2,3.170418101288508,1.1704181012885082,1886.7512176362434,3773.5024352724863
38,2,3.025812315849663,1.0258123158496628,1969.8731962009895,3939.746392401979
39,2,3.049079936985133,1.0490799369851331,1922.084514270219,3844.1690285404375
40,2,3.025144374237831,1.0251443742378308,2035.8504891580592,4071.7009783161184
41,2,3.0471440426350074,1.0471440426350074,2006.2495427746987,4012.4990855493975
42,2,3.082831148549958,1.0828311485499582,2056.608910788043,4113.217821576086
43,2,3.0188559952749836,1.0188559952749834,2067.9514927807763,4135.902985561553
44,2,2.8811873805193526,0.8811873805193525,2138.7963728715263,4277.592745743053
45,2,2.7341067510690866,0.7341067510690867,2264.1790110266193,4528.3580220532385
46,2,2.8179194078585246,0.8179194078585248,2190.028126170819,4380.056252341637
47,2,2.8593603511861243,0.8593603511861244,2389.4670718975613,4778.9341437951225
48,2,2.886131497420508,0.886131497420508,2203.50045093588,4407.00090187176
49,2,2.824921817514527,0.8249218175145272,2211.6710722291673,4423.342144458334
50,2,2.840626674259062,0.8406266742590617,2262.971943132486,4525.943886264972
51,2,2.6731583797886262,0.673158379788626,2340.187265434026,4680.374530868052
52,2,2.8499513711466142,0.8499513711466143,2171.196429553042,4342.392859106084
53,2,2.800021811292699,0.8000218112926991,2279.5229592681617,4559.0459185363225
54,2,2.727499204839124,0.7274992048391238,2253.2090512110885,4506.418102422177
55,2,2.811348125212758,0.8113481252127583,2176.5738702406875,4353.147740481374
56,2,2.8498432218233445,0.8498432218233447,2183.1441542990456,4366.28830859809
57,2,2.7843644522804056,0.7843644522804056,2233.3223148493234,4466.644629698647
58,2,2.661803875903681,0.6618038759036808,2321.8054559190464,4643.610911838093
59,2,2.8197130015447245,0.8197130015447244,2166.112579850539,4332.225159701078
60,2,2.848295615504979,0.8482956155049787,2138.3065009304883,4276.6130018609765
61,2,2.807202892421605,0.8072028924216049,2216.338193083646,4432.676386167292
62,2,2.960778491621204,0.9607784916212041,2136.790520264012,4273.581040528024
63,2,2.8239625716966374,0.8239625716966376,2178.1242707160372,4356.2485414320745
64,2,2.8060106503683775,0.8060106503683775,2343.0328234114363,4686.065646822873
65,2,2.695306082164029,0.6953060821640287,2537.722592864933,5075.445185729866
66,2,2.65584556987807,0.6558455698780697,2598.0456197386047,5196.0912394772095
67,2,2.689603024757963,0.6896030247579631,2554.2326929902247,5108.465385980449
68,2,2.753996904085649,0.7539969040856489,2534.640047727338,5069.280095454676
69,2,2.6696738770563617,0.6696738770563617,2559.3874652592694,5118.774930518539
70,2,2.6362615329862806,0.6362615329862805,2499.036321743132,4998.072643486264
71,2,2.6393246822457224,0.6393246822457223,2429.0210445937882,4858.0420891875765
72,2,2.7396004647761827,0.7396004647761827,2305.1956006326695,4610.391201265339
73,2,2.7241498968511926,0.7241498968511927,2420.804067973296,4841.608135946592
74,2,2.748399575978315,0.7483995759783149,2366.766673942691,4733.533347885382
75,2,2.757448554141102,0.7574485541411022,2291.7396939103696,4583.479387820738
76,2,2.945133015269269,0.9451330152692693,2293.5809668784764,4587.161933756953
77,2,2.798788815085569,0.798788815085569,2384.492693305063,4768.985386610126
78,2,2.9193741771743924,0.9193741771743924,2281.176063532755,4562.35212706551
79,2,2.704645274200527,0.7046452742005269,2413.249681497406,4826.499362994812
80,2,2.6517013314639195,0.6517013314639195,2388.7100497117262,4777.4200994234525
81,2,2.4759284923282565,0.4759284923282564,2521.5302619898835,5043.060523979767
82,2,2.347186234200853,0.34718623420085326,2654.4167245735007,5308.833449147001
83,2,2.637692951124894,0.6376929511248939,2440.5703454749073,4881.140690949815
84,2,2.6718485062189448,0.6718485062189449,2324.7921492971686,4649.584298594337
85,2,2.647320721624734,0.6473207216247339,2428.5073862317845,4857.014772463569
86,2,2.609705114501724,0.6097051145017239,2525.7078624149485,5051.415724829897
87,2,2.5858877401042575,0.5858877401042574,2486.0284851104857,4972.056970220971
88,2,2.5303550182223558,0.5303550182223558,2527.994567753472,5055.989135506944
89,2,2.545897950989202,0.5458979509892024,2564.4732110641085,5128.946422128216
90,2,2.545906390298344,0.5459063902983438,2577.237006328238,5154.474012656476
91,2,2.536177730456995,0.5361777304569948,2569.928258576754,5139.856517153508
92,2,2.5747623857126447,0.5747623857126449,2660.662578066152,5321.325156132303
93,2,2.6938766810215315,0.6938766810215314,2528.0285669806485,5056.057133961297
94,2,2.519418082324112,0.5194180823241121,2659.9495575165647,5319.8991150331285
95,2,2.4083750138826643,0.40837501388266434,2771.873472328443,5543.746944656886
96,2,2.4136216937182886,0.4136216937182887,2761.8305938359995,5523.661187671999
97,2,2.3884239558976,0.3884239558976002,2765.012114821995,5530.02422964399
98,2,2.1317581118044706,0.13175811180447045,2969.593832270264,5939.187664540528
99,2,2.1613575107731804,0.1613575107731804,2949.0391934400723,5898.0783868801445
